2026-Apr-09 12:47:51 pm [background-preinit] INFO  org.hibernate.validator.internal.util.Version - HV000001: Hibernate Validator 6.2.3.Final
2026-Apr-09 12:47:59 pm [main] INFO  org.springframework.data.repository.config.RepositoryConfigurationDelegate - Bootstrapping Spring Data JPA repositories in DEFAULT mode.
2026-Apr-09 12:48:00 pm [main] INFO  org.springframework.data.repository.config.RepositoryConfigurationDelegate - Finished Spring Data repository scanning in 734 ms. Found 1 JPA repository interfaces.
2026-Apr-09 12:48:02 pm [main] INFO  org.springframework.cloud.context.scope.GenericScope - BeanFactory id=de2ec4c1-d6d6-38ac-96e1-2399441d66df
2026-Apr-09 12:48:04 pm [main] INFO  org.springframework.boot.web.embedded.tomcat.TomcatWebServer - Tomcat initialized with port(s): 6200 (http)
2026-Apr-09 12:48:04 pm [main] INFO  org.apache.coyote.http11.Http11NioProtocol - Initializing ProtocolHandler ["http-nio-6200"]
2026-Apr-09 12:48:04 pm [main] INFO  org.apache.catalina.core.StandardService - Starting service [Tomcat]
2026-Apr-09 12:48:04 pm [main] INFO  org.apache.catalina.core.StandardEngine - Starting Servlet engine: [Apache Tomcat/9.0.62]
2026-Apr-09 12:48:04 pm [main] INFO  org.apache.catalina.core.ContainerBase.[Tomcat].[localhost].[/] - Initializing Spring embedded WebApplicationContext
2026-Apr-09 12:48:04 pm [main] INFO  org.springframework.boot.web.servlet.context.ServletWebServerApplicationContext - Root WebApplicationContext: initialization completed in 12764 ms
2026-Apr-09 12:48:06 pm [main] INFO  org.hibernate.jpa.internal.util.LogHelper - HHH000204: Processing PersistenceUnitInfo [name: default]
2026-Apr-09 12:48:06 pm [main] INFO  org.hibernate.Version - HHH000412: Hibernate ORM core version 5.6.8.Final
2026-Apr-09 12:48:06 pm [main] INFO  org.hibernate.annotations.common.Version - HCANN000001: Hibernate Commons Annotations {5.1.2.Final}
2026-Apr-09 12:48:06 pm [main] INFO  com.zaxxer.hikari.HikariDataSource - HikariPool-1 - Starting...
2026-Apr-09 12:48:07 pm [main] INFO  com.zaxxer.hikari.HikariDataSource - HikariPool-1 - Start completed.
2026-Apr-09 12:48:07 pm [main] INFO  org.hibernate.dialect.Dialect - HHH000400: Using dialect: org.hibernate.dialect.MySQL8Dialect
2026-Apr-09 12:48:08 pm [main] INFO  org.hibernate.engine.transaction.jta.platform.internal.JtaPlatformInitiator - HHH000490: Using JtaPlatform implementation: [org.hibernate.engine.transaction.jta.platform.internal.NoJtaPlatform]
2026-Apr-09 12:48:08 pm [main] INFO  org.springframework.orm.jpa.LocalContainerEntityManagerFactoryBean - Initialized JPA EntityManagerFactory for persistence unit 'default'
2026-Apr-09 12:48:10 pm [main] WARN  org.springframework.boot.autoconfigure.orm.jpa.JpaBaseConfiguration$JpaWebConfiguration - spring.jpa.open-in-view is enabled by default. Therefore, database queries may be performed during view rendering. Explicitly configure spring.jpa.open-in-view to disable this warning
2026-Apr-09 12:48:15 pm [main] WARN  org.springframework.cloud.loadbalancer.config.LoadBalancerCacheAutoConfiguration$LoadBalancerCaffeineWarnLogger - Spring Cloud LoadBalancer is currently working with the default cache. You can switch to using Caffeine cache, by adding it and org.springframework.cache.caffeine.CaffeineCacheManager to the classpath.
2026-Apr-09 12:48:15 pm [main] INFO  org.springframework.boot.actuate.endpoint.web.EndpointLinksResolver - Exposing 1 endpoint(s) beneath base path '/actuator'
2026-Apr-09 12:48:15 pm [main] INFO  org.apache.coyote.http11.Http11NioProtocol - Starting ProtocolHandler ["http-nio-6200"]
2026-Apr-09 12:48:15 pm [main] INFO  org.springframework.boot.web.embedded.tomcat.TomcatWebServer - Tomcat started on port(s): 6200 (http) with context path ''
2026-Apr-09 12:48:15 pm [main] INFO  org.springframework.cloud.consul.serviceregistry.ConsulServiceRegistry - Registering service with consul: NewService{id='EPharmacy-MedicineMS-6200', name='EPharmacy-MedicineMS', tags=[], address='localhost', meta={secure=false}, port=6200, enableTagOverride=null, check=Check{script='null', dockerContainerID='null', shell='null', interval='10s', ttl='null', http='http://localhost:6200/actuator/health', method='null', header={}, tcp='null', timeout='null', deregisterCriticalServiceAfter='null', tlsSkipVerify=null, status='null', grpc='null', grpcUseTLS=null}, checks=null}
2026-Apr-09 12:48:19 pm [http-nio-6200-exec-2] INFO  org.apache.catalina.core.ContainerBase.[Tomcat].[localhost].[/] - Initializing Spring DispatcherServlet 'dispatcherServlet'
2026-Apr-09 12:48:19 pm [http-nio-6200-exec-2] INFO  org.springframework.web.servlet.DispatcherServlet - Initializing Servlet 'dispatcherServlet'
2026-Apr-09 12:48:19 pm [http-nio-6200-exec-2] INFO  org.springframework.web.servlet.DispatcherServlet - Completed initialization in 5 ms
